      ---------ssd14[793:x]
      ---------ssd15[793:x]
      ------------core0[1:x]
      ------------core1[1:x]
      ---------hetchy1017[1:x]
      ------------core0[1:x]
      ------------core1[1:x]
      ---------hetchy1018[1:x]
      ------chassis1[1:s]
      ---hetchy[1:s]
INFO: =============================
INFO: JOBID=1
INFO: RESOURCES=ALLOCATED
INFO: SCHEDULED AT=Now
INFO: =============================
      ---------ssd14[793:x]
      ---------ssd15[793:x]
      ------------core0[1:x]
      ------------core1[1:x]
      ---------hetchy1017[1:x]
      ------------core0[1:x]
      ------------core1[1:x]
      ---------hetchy1018[1:x]
      ------chassis1[1:x]
      ---hetchy[1:x]
INFO: =============================
INFO: EXPRESSION="sched-now=allocated"
INFO: =============================
      ---------ssd14[793:x]
      ---------ssd15[793:x]
      ------------core0[1:x]
      ------------core1[1:x]
      ---------hetchy1018[1:x]
      ------chassis1[1:x]
      ---hetchy[1:x]
INFO: =============================
INFO: EXPRESSION="sched-now=allocated"
INFO: =============================
      ---------ssd14[793:x]
      ---------ssd15[793:x]
      ------------core0[1:x]
      ------------core1[1:x]
      ---------hetchy1018[1:x]
      ------chassis1[1:x]
      ---hetchy[1:x]
INFO: =============================
INFO: EXPRESSION="jobid-tag=1"
INFO: =============================
      ---------ssd14[793:x]
      ---------ssd15[793:x]
      ------------core0[1:x]
      ------------core1[1:x]
      ---------hetchy1018[1:x]
      ------chassis1[1:x]
      ---hetchy[1:x]
INFO: =============================
INFO: EXPRESSION="jobid-alloc=1"
INFO: =============================
INFO: =============================
INFO: No matching resources found
INFO: JOBID=2
INFO: =============================
INFO: =============================
INFO: EXPRESSION="sched-now=allocated"
INFO: =============================
INFO: =============================
INFO: EXPRESSION="jobid-tag=1"
INFO: =============================
INFO: =============================
INFO: EXPRESSION="jobid-alloc=1"
INFO: =============================
      ---------ssd2[793:x]
      ---------ssd3[793:x]
      ------------core0[1:x]
      ------------core1[1:x]
      ---------hetchy1001[1:x]
      ------------core0[1:x]
      ------------core1[1:x]
      ---------hetchy1002[1:x]
      ------------core0[1:x]
      ------------core1[1:x]
      ---------hetchy201[1:x]
      ------chassis0[1:x]
      ---------ssd14[793:x]
      ---------ssd15[793:x]
      ------------core0[1:x]
      ------------core1[1:x]
      ---------hetchy1003[1:x]
      ------------core0[1:x]
      ------------core1[1:x]
      ---------hetchy1004[1:x]
      ------------core0[1:x]
      ------------core1[1:x]
      ---------hetchy1005[1:x]
      ------------core0[1:x]
      ------------core1[1:x]
      ---------hetchy1006[1:x]
      ------------core0[1:x]
      ------------core1[1:x]
      ---------hetchy1007[1:x]
      ------------core0[1:x]
      ------------core1[1:x]
      ---------hetchy1008[1:x]
      ------------core0[1:x]
      ------------core1[1:x]
      ---------hetchy1009[1:x]
      ------------core0[1:x]
      ------------core1[1:x]
      ---------hetchy1010[1:x]
      ------------core0[1:x]
      ------------core1[1:x]
      ---------hetchy1011[1:x]
      ------------core0[1:x]
      ------------core1[1:x]
      ---------hetchy1012[1:x]
      ------------core0[1:x]
      ------------core1[1:x]
      ---------hetchy1013[1:x]
      ------------core0[1:x]
      ------------core1[1:x]
      ---------hetchy1014[1:x]
      ------------core0[1:x]
      ------------core1[1:x]
      ---------hetchy1015[1:x]
      ------------core0[1:x]
      ------------core1[1:x]
      ---------hetchy1016[1:x]
      ------------core0[1:x]
      ------------core1[1:x]
      ---------hetchy1017[1:x]
      ------------core0[1:x]
      ------------core1[1:x]
      ---------hetchy1018[1:x]
      ------------core0[1:x]
      ------------core1[1:x]
      ---------hetchy202[1:x]
      ------chassis1[1:x]
      ---hetchy[1:s]
INFO: =============================
INFO: JOBID=3
INFO: RESOURCES=ALLOCATED
INFO: SCHEDULED AT=Now
INFO: =============================
      ---------ssd2[793:x]
      ---------ssd3[793:x]
      ------------core0[1:x]
      ------------core1[1:x]
      ---------hetchy1001[1:x]
      ------------core0[1:x]
      ------------core1[1:x]
      ---------hetchy1002[1:x]
      ------------core0[1:x]
      ------------core1[1:x]
      ---------hetchy201[1:x]
      ------chassis0[1:x]
      ---------ssd14[793:x]
      ---------ssd15[793:x]
      ------------core0[1:x]
      ------------core1[1:x]
      ---------hetchy1003[1:x]
      ------------core0[1:x]
      ------------core1[1:x]
      ---------hetchy1004[1:x]
      ------------core0[1:x]
      ------------core1[1:x]
      ---------hetchy1005[1:x]
      ------------core0[1:x]
      ------------core1[1:x]
      ---------hetchy1006[1:x]
      ------------core0[1:x]
      ------------core1[1:x]
      ---------hetchy1007[1:x]
      ------------core0[1:x]
      ------------core1[1:x]
      ---------hetchy1008[1:x]
      ------------core0[1:x]
      ------------core1[1:x]
      ---------hetchy1009[1:x]
      ------------core0[1:x]
      ------------core1[1:x]
      ---------hetchy1010[1:x]
      ------------core0[1:x]
      ------------core1[1:x]
      ---------hetchy1011[1:x]
      ------------core0[1:x]
      ------------core1[1:x]
      ---------hetchy1012[1:x]
      ------------core0[1:x]
      ------------core1[1:x]
      ---------hetchy1013[1:x]
      ------------core0[1:x]
      ------------core1[1:x]
      ---------hetchy1014[1:x]
      ------------core0[1:x]
      ------------core1[1:x]
      ---------hetchy1015[1:x]
      ------------core0[1:x]
      ------------core1[1:x]
      ---------hetchy1016[1:x]
      ------------core0[1:x]
      ------------core1[1:x]
      ---------hetchy1017[1:x]
      ------------core0[1:x]
      ------------core1[1:x]
      ---------hetchy1018[1:x]
      ------------core0[1:x]
      ------------core1[1:x]
      ---------hetchy202[1:x]
      ------chassis1[1:x]
      ---hetchy[1:x]
INFO: =============================
INFO: EXPRESSION="sched-now=allocated"
INFO: =============================
