      ---------ssd14[793:x]
      ---------ssd15[793:x]
      ------------core0[1:x]
      ------------core1[1:x]
      ---------hetchy1017[1:x]
      ------------core0[1:x]
      ------------core1[1:x]
      ---------hetchy1018[1:x]
      ------chassis1[1:s]
      ---hetchy[1:s]
INFO: =============================
INFO: JOBID=1
INFO: RESOURCES=ALLOCATED
INFO: SCHEDULED AT=Now
INFO: =============================
      ---------ssd14[793:x]
      ---------ssd15[793:x]
      ------------core0[1:x]
      ------------core1[1:x]
      ---------hetchy1017[1:x]
      ------------core0[1:x]
      ------------core1[1:x]
      ---------hetchy1018[1:x]
      ------chassis1[1:x]
      ---hetchy[1:x]
INFO: =============================
INFO: EXPRESSION="sched-now=allocated"
INFO: =============================
      ---------ssd14[793:x]
      ---------ssd15[793:x]
      ------------core0[1:x]
      ------------core1[1:x]
      ---------hetchy1018[1:x]
      ------chassis1[1:x]
      ---hetchy[1:x]
INFO: =============================
INFO: EXPRESSION="sched-now=allocated"
INFO: =============================
      ---------ssd14[793:x]
      ---------ssd15[793:x]
      ------------core0[1:x]
      ------------core1[1:x]
      ---------hetchy1018[1:x]
      ------chassis1[1:x]
      ---hetchy[1:x]
INFO: =============================
INFO: EXPRESSION="jobid-tag=1"
INFO: =============================
      ---------ssd14[793:x]
      ---------ssd15[793:x]
      ------------core0[1:x]
      ------------core1[1:x]
      ---------hetchy1018[1:x]
      ------chassis1[1:x]
      ---hetchy[1:x]
INFO: =============================
INFO: EXPRESSION="jobid-alloc=1"
INFO: =============================
INFO: =============================
INFO: EXPRESSION="sched-now=allocated"
INFO: =============================
INFO: =============================
INFO: EXPRESSION="jobid-tag=1"
INFO: =============================
INFO: =============================
INFO: EXPRESSION="jobid-alloc=1"
INFO: =============================
      ---------ssd2[793:x]
      ---------ssd3[793:x]
      ------------core0[1:x]
      ------------core1[1:x]
      ---------hetchy1001[1:x]
      ------------core0[1:x]
      ------------core1[1:x]
      ---------hetchy1002[1:x]
      ------chassis0[1:s]
      ---hetchy[1:s]
INFO: =============================
INFO: JOBID=2
INFO: RESOURCES=ALLOCATED
INFO: SCHEDULED AT=Now
INFO: =============================
