      ---------ssd15[793:s]
      ------------core1[1:x]
      ---------hetchy1018[1:s]
      ------chassis1[1:s]
      ---hetchy[1:s]
INFO: =============================
INFO: JOBID=1
INFO: RESOURCES=ALLOCATED
INFO: SCHEDULED AT=Now
INFO: =============================
INFO: =============================
INFO: No matching resources found
INFO: JOBID=2
INFO: =============================
INFO: =============================
INFO: No matching resources found
INFO: JOBID=3
INFO: =============================
INFO: =============================
INFO: No matching resources found
INFO: JOBID=4
INFO: =============================
      ---------ssd3[1:s]
      ------chassis0[1:s]
      ---hetchy[1:s]
INFO: =============================
INFO: JOBID=5
INFO: RESOURCES=ALLOCATED
INFO: SCHEDULED AT=Now
INFO: =============================
      ---------ssd3[500:s]
      ------------core1[1:x]
      ---------hetchy1002[1:s]
      ------chassis0[1:s]
      ---hetchy[1:s]
INFO: =============================
INFO: JOBID=6
INFO: RESOURCES=ALLOCATED
INFO: SCHEDULED AT=Now
INFO: =============================
      ---------ssd2[500:s]
      ------------core1[1:x]
      ---------hetchy1001[1:s]
      ------chassis0[1:s]
      ---hetchy[1:s]
INFO: =============================
INFO: JOBID=7
INFO: RESOURCES=ALLOCATED
INFO: SCHEDULED AT=Now
INFO: =============================
      ---------ssd14[500:s]
      ------------core1[1:x]
      ---------hetchy1017[1:s]
      ------chassis1[1:s]
      ---hetchy[1:s]
INFO: =============================
INFO: JOBID=8
INFO: RESOURCES=ALLOCATED
INFO: SCHEDULED AT=Now
INFO: =============================
INFO: =============================
INFO: No matching resources found
INFO: JOBID=9
INFO: =============================
