      ---------ssd14[793:x]
      ---------ssd15[793:x]
      ------chassis1[1:s]
      ---hetchy[1:s]
INFO: =============================
INFO: JOBID=1
INFO: RESOURCES=ALLOCATED
INFO: SCHEDULED AT=Now
INFO: =============================
      ---------ssd2[793:x]
      ---------ssd3[793:x]
      ------chassis0[1:s]
      ---hetchy[1:s]
INFO: =============================
INFO: JOBID=2
INFO: RESOURCES=ALLOCATED
INFO: SCHEDULED AT=Now
INFO: =============================
INFO: =============================
INFO: No matching resources found
INFO: JOBID=3
INFO: =============================
